# Independent run on Windows 11 / Docker Desktop / x86_64 from the published image, organizers' check-code bag, reference /localization/kinematic_state
$ ./run.sh judge /c/Users/User/Downloads/check-code/bags/30618_88aea4d9 30618 5
[run] checking image ghcr.io/tellsamm/lcm-odometry:latest ...
[judge] запуск ноды tram_odometry (калибровка трамвая: 30618)
[judge] запись /result/velocity /result/position /result/diagnostics -> /out/30618_88aea4d9_result
[judge] воспроизведение /data/30618_88aea4d9, скорость x5 (1.0 = реальное время). Ждите окончания bag ...
[judge] инициализация: initialized from GNSS (master): s=10317 m, dist to track 1.0 m
[judge] ресурсы: avg cpu 16.9%, max rss 60.1 MB (54 samples)
[judge] расчёт метрик относительно GNSS-эталона ...

==============================================================================
 ИТОГ ПРОВЕРКИ - LCM Solution / tram_odometry
==============================================================================
 Прогон: 30618_88aea4d9   длительность 1313 с   записано сообщений: 50602 velocity, 50602 position

 РЕАЛЬНОЕ ВРЕМЯ И РЕСУРСЫ                 требование        измерено        статус
   частота /result/velocity,/position     >= 10 Гц            38.5 Гц       OK
   задержка вход->публикация, средняя     <= 100 мс           0.31 мс       OK
   задержка вход->публикация, пик         <= 250 мс           2.94 мс       OK
   CPU ноды (среднее)                     <= 200 % (2 ядра)   16.9 %        OK
   память ноды (макс RSS)                 <= 512 МБ           60.1 МБ       OK

 ТОЧНОСТЬ ОТНОСИТЕЛЬНО ЭТАЛОНА (эталон: /localization/kinematic_state (эталон судьи); сопоставление по метке времени, допуск 0.05 с)
   скорость: RMSE 0.048 м/с   MAE 0.031 м/с   смещение +0.003 м/с   (сопоставлено 50592 сообщений, 100 %)
   положение (2D): средняя 7.8 м   медиана 8.9 м   RMSE 8.9 м   максимум 42.3 м   (сопоставлено 100 % сообщений)
   положение (3D, с высотой): средняя 7.8 м   RMSE 8.9 м   максимум 42.3 м   |ошибка z| средняя 0.1 м
   конец прогона: ошибка 30.8 м (3D 30.8 м) после 5484 м пути  ->  накопленный дрейф 0.56 % дистанции

 Файлы: results/<bag>_result/ (rosbag2 с /result/*), results/<bag>_node.log (частота и задержка каждые 10 с), results/<bag>_resources.log (CPU/ОЗУ)
==============================================================================